bip340.lisp: 642657 bytes
compile rc: 0 | wasm: 736967
leg A:pk|flip   : OK
leg A:duse      : OK
leg B:nonce_kfull: OK
leg B:r         : OK
leg B:kflip     : WRONG
   got : 0000000000000000000000000000000000000000000000000000000000000000
   want: 0000000000000000000000000000000000000000000000000000000000000001
leg B:KP.y      : WRONG
   got : 42906754904553503472355486815352289870903381201668297811852447653745644770013043
   want: 86728360088964207331922634458850764131724083468710015258303769143862218497907
leg A:P.y       : WRONG
   got : 35655606855166000695506821127048348364743706484507140977161811705306091783678046
   want: 67179303622447578635211998016336236132513840370734488746955068535138384135262
leg B:ed        : OK
leg B:ssum      : WRONG
   got : 6079b5cfdc581ad65d38ed12ababe7694f6fcbf162a6930bb80d3782ca3f0f5b
   want: 6079b5cfdc581ad65d38ed12ababe76a94c0ef0ab35df2cff83ad8f5fa08ce1a
leg B:chal      : OK
leg B:kuse      : OK
case S (single-run full sign): TRAP (two-mult runtime limit, as expected)
python sig: f0445692578cc7255c2f8ec487e8a4a9ac925310996d9078f7e3cd3c59a641d26079b5cfdc581ad65d38ed12ababe76a94c0ef0ab35df2cff83ad8f5fa08ce1a
wasm   sig: f0445692578cc7255c2f8ec487e8a4a9ac925310996d9078f7e3cd3c59a641d26079b5cfdc581ad65d38ed12ababe76a94c0ef0ab35df2cff83ad8f5fa08ce1a (FULL sig from Lisp: r, s both wasm-computed)
MATCH
VERIFICATION s*G == R + e*PK: True

--- Nostr event (NIP-01) ---
event id: 038597d5c8f21c56d7477b070c90be74bd9a5baa8b4d22630d5a344f51ed35dc
nostr sig: 2976bd4f263c864f7b0f2d1341eaeb93946b1de8ed268ce1d02770619abfe4ede70be9d0dc4f2d530428c42d2ad4ed28445bed7768f9e880ad972441e5f03f31
VERIFICATION (real event id): True
event written: /tmp/nostr_probe/nostr_event.json
