bip340_verify.lisp: 638742 bytes
compile rc: 0 | wasm: 718641
vector  0: want 1  got 1  OK
vector  1: want 1  got 1  OK
vector  2: want 1  got 1  OK
vector  3: want 1  got 1  OK
vector  4: want 1  got 1  OK
vector  5: want 0  got 0  OK
vector  6: want 0  got 0  OK
vector  7: want 0  got 0  OK
vector  8: want 0  got 0  OK
vector  9: want 0  got 0  OK
vector 10: want 0  got 0  OK
vector 11: want 0  got 0  OK
vector 12: want 0  got 0  OK
vector 13: want 0  got 0  OK
vector 14: want 0  got 0  OK
vector 15: want 1  got 1  OK
vector 16: want 1  got 1  OK
vector 17: want 1  got 1  OK
vector 18: want 1  got 1  OK

battery: 19/19 PASS
  py r : 6896bd60eeae296db48a229ff71dfe071bde413e6d43f917dc8dcf8c78de3341
  want r: 6896bd60eeae296db48a229ff71dfe071bde413e6d43f917dc8dcf8c78de3341
  py s : 8906d11ac976abccb20b091292bff4ea897efcb639ea871cfa95f6de339e4b0a
  want s: 8906d11ac976abccb20b091292bff4ea897efcb639ea871cfa95f6de339e4b0a
  !! python sign path mismatch — DIAGNOSTIC MODE

vector-1 SIGN (wasm, spec nonce + aux):
  want: 6896bd60eeae296db48a229ff71dfe071bde413e6d43f917dc8dcf8c78de33418906d11ac976abccb20b091292bff4ea897efcb639ea871cfa95f6de339e4b0a
  got : 6896bd60eeae296db48a229ff71dfe071bde413e6d43f917dc8dcf8c78de33418906d11ac976abccb20b091292bff4ea897efcb639ea871cfa95f6de339e4b0a
  MATCH — full BIP-340 conformance
