bip340.lisp: 639931 bytes
compile rc: 0 | wasm: 726651
leg A:pk|flip   : OK
leg A:duse      : OK
leg B:nonce_t   : OK
leg B:r         : OK
leg B:kflip     : WRONG
   got : 0000000000000000000000000000000000000000000000000000000000000000
   want: 0000000000000000000000000000000000000000000000000000000000000001
leg B:KP.y      : WRONG
   got : 31937938784801964614195964252216482140702969619179183741426842583221452764728939
   want: 8506188372647243215864191847449125284551338350273053380843687382948814053741
leg A:P.y       : WRONG
   got : 16750021361114469696285613641236449890642155405487347095579626148696993033647032
   want: 67179303622447578635211998016336236132513840370734488746955068535138384135262
leg B:ed        : OK
leg B:ssum      : OK
leg B:chal      : OK
leg B:kuse      : OK
case S (single-run full sign): TRAP (two-mult runtime limit, as expected)
python sig: 3b53132a9d7d6c114da33d8215563f49464176da71d9ed3764f723483156a2a89997e72927284aebc6428288ab7107974922fd35a26f55fee6839904e03642f4
wasm   sig: 3b53132a9d7d6c114da33d8215563f49464176da71d9ed3764f723483156a2a89997e72927284aebc6428288ab7107974922fd35a26f55fee6839904e03642f4 (FULL sig from Lisp: r, s both wasm-computed)
MATCH
VERIFICATION s*G == R + e*PK: True

--- Nostr event (NIP-01) ---
event id: 038597d5c8f21c56d7477b070c90be74bd9a5baa8b4d22630d5a344f51ed35dc
nostr sig: 3b53132a9d7d6c114da33d8215563f49464176da71d9ed3764f723483156a2a8341eca1a263c3d9c529bbd56a22fc34caf85adf9f69fe85042506967915a434c
VERIFICATION (real event id): True
event written: /tmp/nostr_probe/nostr_event.json
